// Jest Snapshot v1, https://goo.gl/fbAQLP

exports[`Check play stack 1`] = `
<div
  className="play-stack"
>
  <button
    onClick={[Function]}
  >
    Sort Asc
  </button>
  <button
    onClick={[Function]}
  >
    Sort Desc
  </button>
  <button
    onClick={[Function]}
  >
    Sort By Time
  </button>
  <p>
    Step sorted by 
    asc
  </p>
</div>
`;
