// Jest Snapshot v1, https://goo.gl/fbAQLP

exports[`Board matches snapshot 1`] = `
Array [
  <div
    className="turnbar"
  >
    <p>
      Turn: X
    </p>
  </div>,
  <div
    className="board"
  >
    <div
      className="row"
    >
      <div
        className="cell"
        onClick={[Function]}
      />
      <div
        className="cell"
        onClick={[Function]}
      />
      <div
        className="cell"
        onClick={[Function]}
      />
      <div
        className="cell"
        onClick={[Function]}
      />
      <div
        className="cell"
        onClick={[Function]}
      />
      <div
        className="cell"
        onClick={[Function]}
      />
      <div
        className="cell"
        onClick={[Function]}
      />
      <div
        className="cell"
        onClick={[Function]}
      />
      <div
        className="cell"
        onClick={[Function]}
      />
      <div
        className="cell"
        onClick={[Function]}
      />
      <div
        className="cell"
        onClick={[Function]}
      />
      <div
        className="cell"
        onClick={[Function]}
      />
      <div
        className="cell"
        onClick={[Function]}
      />
      <div
        className="cell"
        onClick={[Function]}
      />
      <div
        className="cell"
        onClick={[Function]}
      />
      <div
        className="cell"
        onClick={[Function]}
      />
      <div
        className="cell"
        onClick={[Function]}
      />
      <div
        className="cell"
        onClick={[Function]}
      />
      <div
        className="cell"
        onClick={[Function]}
      />
      <div
        className="cell"
        onClick={[Function]}
      />
    </div>
    <div
      className="row"
    >
      <div
        className="cell"
        onClick={[Function]}
      />
      <div
        className="cell"
        onClick={[Function]}
      />
      <div
        className="cell"
        onClick={[Function]}
      />
      <div
        className="cell"
        onClick={[Function]}
      />
      <div
        className="cell"
        onClick={[Function]}
      />
      <div
        className="cell"
        onClick={[Function]}
      />
      <div
        className="cell"
        onClick={[Function]}
      />
      <div
        className="cell"
        onClick={[Function]}
      />
      <div
        className="cell"
        onClick={[Function]}
      />
      <div
        className="cell"
        onClick={[Function]}
      />
      <div
        className="cell"
        onClick={[Function]}
      />
      <div
        className="cell"
        onClick={[Function]}
      />
      <div
        className="cell"
        onClick={[Function]}
      />
      <div
        className="cell"
        onClick={[Function]}
      />
      <div
        className="cell"
        onClick={[Function]}
      />
      <div
        className="cell"
        onClick={[Function]}
      />
      <div
        className="cell"
        onClick={[Function]}
      />
      <div
        className="cell"
        onClick={[Function]}
      />
      <div
        className="cell"
        onClick={[Function]}
      />
      <div
        className="cell"
        onClick={[Function]}
      />
    </div>
    <div
      className="row"
    >
      <div
        className="cell"
        onClick={[Function]}
      />
      <div
        className="cell"
        onClick={[Function]}
      />
      <div
        className="cell"
        onClick={[Function]}
      />
      <div
        className="cell"
        onClick={[Function]}
      />
      <div
        className="cell"
        onClick={[Function]}
      />
      <div
        className="cell"
        onClick={[Function]}
      />
      <div
        className="cell"
        onClick={[Function]}
      />
      <div
        className="cell"
        onClick={[Function]}
      />
      <div
        className="cell"
        onClick={[Function]}
      />
      <div
        className="cell"
        onClick={[Function]}
      />
      <div
        className="cell"
        onClick={[Function]}
      />
      <div
        className="cell"
        onClick={[Function]}
      />
      <div
        className="cell"
        onClick={[Function]}
      />
      <div
        className="cell"
        onClick={[Function]}
      />
      <div
        className="cell"
        onClick={[Function]}
      />
      <div
        className="cell"
        onClick={[Function]}
      />
      <div
        className="cell"
        onClick={[Function]}
      />
      <div
        className="cell"
        onClick={[Function]}
      />
      <div
        className="cell"
        onClick={[Function]}
      />
      <div
        className="cell"
        onClick={[Function]}
      />
    </div>
    <div
      className="row"
    >
      <div
        className="cell"
        onClick={[Function]}
      />
      <div
        className="cell"
        onClick={[Function]}
      />
      <div
        className="cell"
        onClick={[Function]}
      />
      <div
        className="cell"
        onClick={[Function]}
      />
      <div
        className="cell"
        onClick={[Function]}
      />
      <div
        className="cell"
        onClick={[Function]}
      />
      <div
        className="cell"
        onClick={[Function]}
      />
      <div
        className="cell"
        onClick={[Function]}
      />
      <div
        className="cell"
        onClick={[Function]}
      />
      <div
        className="cell"
        onClick={[Function]}
      />
      <div
        className="cell"
        onClick={[Function]}
      />
      <div
        className="cell"
        onClick={[Function]}
      />
      <div
        className="cell"
        onClick={[Function]}
      />
      <div
        className="cell"
        onClick={[Function]}
      />
      <div
        className="cell"
        onClick={[Function]}
      />
      <div
        className="cell"
        onClick={[Function]}
      />
      <div
        className="cell"
        onClick={[Function]}
      />
      <div
        className="cell"
        onClick={[Function]}
      />
      <div
        className="cell"
        onClick={[Function]}
      />
      <div
        className="cell"
        onClick={[Function]}
      />
    </div>
    <div
      className="row"
    >
      <div
        className="cell"
        onClick={[Function]}
      />
      <div
        className="cell"
        onClick={[Function]}
      />
      <div
        className="cell"
        onClick={[Function]}
      />
      <div
        className="cell"
        onClick={[Function]}
      />
      <div
        className="cell"
        onClick={[Function]}
      />
      <div
        className="cell"
        onClick={[Function]}
      />
      <div
        className="cell"
        onClick={[Function]}
      />
      <div
        className="cell"
        onClick={[Function]}
      />
      <div
        className="cell"
        onClick={[Function]}
      />
      <div
        className="cell"
        onClick={[Function]}
      />
      <div
        className="cell"
        onClick={[Function]}
      />
      <div
        className="cell"
        onClick={[Function]}
      />
      <div
        className="cell"
        onClick={[Function]}
      />
      <div
        className="cell"
        onClick={[Function]}
      />
      <div
        className="cell"
        onClick={[Function]}
      />
      <div
        className="cell"
        onClick={[Function]}
      />
      <div
        className="cell"
        onClick={[Function]}
      />
      <div
        className="cell"
        onClick={[Function]}
      />
      <div
        className="cell"
        onClick={[Function]}
      />
      <div
        className="cell"
        onClick={[Function]}
      />
    </div>
    <div
      className="row"
    >
      <div
        className="cell"
        onClick={[Function]}
      />
      <div
        className="cell"
        onClick={[Function]}
      />
      <div
        className="cell"
        onClick={[Function]}
      />
      <div
        className="cell"
        onClick={[Function]}
      />
      <div
        className="cell"
        onClick={[Function]}
      />
      <div
        className="cell"
        onClick={[Function]}
      />
      <div
        className="cell"
        onClick={[Function]}
      />
      <div
        className="cell"
        onClick={[Function]}
      />
      <div
        className="cell"
        onClick={[Function]}
      />
      <div
        className="cell"
        onClick={[Function]}
      />
      <div
        className="cell"
        onClick={[Function]}
      />
      <div
        className="cell"
        onClick={[Function]}
      />
      <div
        className="cell"
        onClick={[Function]}
      />
      <div
        className="cell"
        onClick={[Function]}
      />
      <div
        className="cell"
        onClick={[Function]}
      />
      <div
        className="cell"
        onClick={[Function]}
      />
      <div
        className="cell"
        onClick={[Function]}
      />
      <div
        className="cell"
        onClick={[Function]}
      />
      <div
        className="cell"
        onClick={[Function]}
      />
      <div
        className="cell"
        onClick={[Function]}
      />
    </div>
    <div
      className="row"
    >
      <div
        className="cell"
        onClick={[Function]}
      />
      <div
        className="cell"
        onClick={[Function]}
      />
      <div
        className="cell"
        onClick={[Function]}
      />
      <div
        className="cell"
        onClick={[Function]}
      />
      <div
        className="cell"
        onClick={[Function]}
      />
      <div
        className="cell"
        onClick={[Function]}
      />
      <div
        className="cell"
        onClick={[Function]}
      />
      <div
        className="cell"
        onClick={[Function]}
      />
      <div
        className="cell"
        onClick={[Function]}
      />
      <div
        className="cell"
        onClick={[Function]}
      />
      <div
        className="cell"
        onClick={[Function]}
      />
      <div
        className="cell"
        onClick={[Function]}
      />
      <div
        className="cell"
        onClick={[Function]}
      />
      <div
        className="cell"
        onClick={[Function]}
      />
      <div
        className="cell"
        onClick={[Function]}
      />
      <div
        className="cell"
        onClick={[Function]}
      />
      <div
        className="cell"
        onClick={[Function]}
      />
      <div
        className="cell"
        onClick={[Function]}
      />
      <div
        className="cell"
        onClick={[Function]}
      />
      <div
        className="cell"
        onClick={[Function]}
      />
    </div>
    <div
      className="row"
    >
      <div
        className="cell"
        onClick={[Function]}
      />
      <div
        className="cell"
        onClick={[Function]}
      />
      <div
        className="cell"
        onClick={[Function]}
      />
      <div
        className="cell"
        onClick={[Function]}
      />
      <div
        className="cell"
        onClick={[Function]}
      />
      <div
        className="cell"
        onClick={[Function]}
      />
      <div
        className="cell"
        onClick={[Function]}
      />
      <div
        className="cell"
        onClick={[Function]}
      />
      <div
        className="cell"
        onClick={[Function]}
      />
      <div
        className="cell"
        onClick={[Function]}
      />
      <div
        className="cell"
        onClick={[Function]}
      />
      <div
        className="cell"
        onClick={[Function]}
      />
      <div
        className="cell"
        onClick={[Function]}
      />
      <div
        className="cell"
        onClick={[Function]}
      />
      <div
        className="cell"
        onClick={[Function]}
      />
      <div
        className="cell"
        onClick={[Function]}
      />
      <div
        className="cell"
        onClick={[Function]}
      />
      <div
        className="cell"
        onClick={[Function]}
      />
      <div
        className="cell"
        onClick={[Function]}
      />
      <div
        className="cell"
        onClick={[Function]}
      />
    </div>
    <div
      className="row"
    >
      <div
        className="cell"
        onClick={[Function]}
      />
      <div
        className="cell"
        onClick={[Function]}
      />
      <div
        className="cell"
        onClick={[Function]}
      />
      <div
        className="cell"
        onClick={[Function]}
      />
      <div
        className="cell"
        onClick={[Function]}
      />
      <div
        className="cell"
        onClick={[Function]}
      />
      <div
        className="cell"
        onClick={[Function]}
      />
      <div
        className="cell"
        onClick={[Function]}
      />
      <div
        className="cell"
        onClick={[Function]}
      />
      <div
        className="cell"
        onClick={[Function]}
      />
      <div
        className="cell"
        onClick={[Function]}
      />
      <div
        className="cell"
        onClick={[Function]}
      />
      <div
        className="cell"
        onClick={[Function]}
      />
      <div
        className="cell"
        onClick={[Function]}
      />
      <div
        className="cell"
        onClick={[Function]}
      />
      <div
        className="cell"
        onClick={[Function]}
      />
      <div
        className="cell"
        onClick={[Function]}
      />
      <div
        className="cell"
        onClick={[Function]}
      />
      <div
        className="cell"
        onClick={[Function]}
      />
      <div
        className="cell"
        onClick={[Function]}
      />
    </div>
    <div
      className="row"
    >
      <div
        className="cell"
        onClick={[Function]}
      />
      <div
        className="cell"
        onClick={[Function]}
      />
      <div
        className="cell"
        onClick={[Function]}
      />
      <div
        className="cell"
        onClick={[Function]}
      />
      <div
        className="cell"
        onClick={[Function]}
      />
      <div
        className="cell"
        onClick={[Function]}
      />
      <div
        className="cell"
        onClick={[Function]}
      />
      <div
        className="cell"
        onClick={[Function]}
      />
      <div
        className="cell"
        onClick={[Function]}
      />
      <div
        className="cell"
        onClick={[Function]}
      />
      <div
        className="cell"
        onClick={[Function]}
      />
      <div
        className="cell"
        onClick={[Function]}
      />
      <div
        className="cell"
        onClick={[Function]}
      />
      <div
        className="cell"
        onClick={[Function]}
      />
      <div
        className="cell"
        onClick={[Function]}
      />
      <div
        className="cell"
        onClick={[Function]}
      />
      <div
        className="cell"
        onClick={[Function]}
      />
      <div
        className="cell"
        onClick={[Function]}
      />
      <div
        className="cell"
        onClick={[Function]}
      />
      <div
        className="cell"
        onClick={[Function]}
      />
    </div>
    <div
      className="row"
    >
      <div
        className="cell"
        onClick={[Function]}
      />
      <div
        className="cell"
        onClick={[Function]}
      />
      <div
        className="cell"
        onClick={[Function]}
      />
      <div
        className="cell"
        onClick={[Function]}
      />
      <div
        className="cell"
        onClick={[Function]}
      />
      <div
        className="cell"
        onClick={[Function]}
      />
      <div
        className="cell"
        onClick={[Function]}
      />
      <div
        className="cell"
        onClick={[Function]}
      />
      <div
        className="cell"
        onClick={[Function]}
      />
      <div
        className="cell"
        onClick={[Function]}
      />
      <div
        className="cell"
        onClick={[Function]}
      />
      <div
        className="cell"
        onClick={[Function]}
      />
      <div
        className="cell"
        onClick={[Function]}
      />
      <div
        className="cell"
        onClick={[Function]}
      />
      <div
        className="cell"
        onClick={[Function]}
      />
      <div
        className="cell"
        onClick={[Function]}
      />
      <div
        className="cell"
        onClick={[Function]}
      />
      <div
        className="cell"
        onClick={[Function]}
      />
      <div
        className="cell"
        onClick={[Function]}
      />
      <div
        className="cell"
        onClick={[Function]}
      />
    </div>
    <div
      className="row"
    >
      <div
        className="cell"
        onClick={[Function]}
      />
      <div
        className="cell"
        onClick={[Function]}
      />
      <div
        className="cell"
        onClick={[Function]}
      />
      <div
        className="cell"
        onClick={[Function]}
      />
      <div
        className="cell"
        onClick={[Function]}
      />
      <div
        className="cell"
        onClick={[Function]}
      />
      <div
        className="cell"
        onClick={[Function]}
      />
      <div
        className="cell"
        onClick={[Function]}
      />
      <div
        className="cell"
        onClick={[Function]}
      />
      <div
        className="cell"
        onClick={[Function]}
      />
      <div
        className="cell"
        onClick={[Function]}
      />
      <div
        className="cell"
        onClick={[Function]}
      />
      <div
        className="cell"
        onClick={[Function]}
      />
      <div
        className="cell"
        onClick={[Function]}
      />
      <div
        className="cell"
        onClick={[Function]}
      />
      <div
        className="cell"
        onClick={[Function]}
      />
      <div
        className="cell"
        onClick={[Function]}
      />
      <div
        className="cell"
        onClick={[Function]}
      />
      <div
        className="cell"
        onClick={[Function]}
      />
      <div
        className="cell"
        onClick={[Function]}
      />
    </div>
    <div
      className="row"
    >
      <div
        className="cell"
        onClick={[Function]}
      />
      <div
        className="cell"
        onClick={[Function]}
      />
      <div
        className="cell"
        onClick={[Function]}
      />
      <div
        className="cell"
        onClick={[Function]}
      />
      <div
        className="cell"
        onClick={[Function]}
      />
      <div
        className="cell"
        onClick={[Function]}
      />
      <div
        className="cell"
        onClick={[Function]}
      />
      <div
        className="cell"
        onClick={[Function]}
      />
      <div
        className="cell"
        onClick={[Function]}
      />
      <div
        className="cell"
        onClick={[Function]}
      />
      <div
        className="cell"
        onClick={[Function]}
      />
      <div
        className="cell"
        onClick={[Function]}
      />
      <div
        className="cell"
        onClick={[Function]}
      />
      <div
        className="cell"
        onClick={[Function]}
      />
      <div
        className="cell"
        onClick={[Function]}
      />
      <div
        className="cell"
        onClick={[Function]}
      />
      <div
        className="cell"
        onClick={[Function]}
      />
      <div
        className="cell"
        onClick={[Function]}
      />
      <div
        className="cell"
        onClick={[Function]}
      />
      <div
        className="cell"
        onClick={[Function]}
      />
    </div>
    <div
      className="row"
    >
      <div
        className="cell"
        onClick={[Function]}
      />
      <div
        className="cell"
        onClick={[Function]}
      />
      <div
        className="cell"
        onClick={[Function]}
      />
      <div
        className="cell"
        onClick={[Function]}
      />
      <div
        className="cell"
        onClick={[Function]}
      />
      <div
        className="cell"
        onClick={[Function]}
      />
      <div
        className="cell"
        onClick={[Function]}
      />
      <div
        className="cell"
        onClick={[Function]}
      />
      <div
        className="cell"
        onClick={[Function]}
      />
      <div
        className="cell"
        onClick={[Function]}
      />
      <div
        className="cell"
        onClick={[Function]}
      />
      <div
        className="cell"
        onClick={[Function]}
      />
      <div
        className="cell"
        onClick={[Function]}
      />
      <div
        className="cell"
        onClick={[Function]}
      />
      <div
        className="cell"
        onClick={[Function]}
      />
      <div
        className="cell"
        onClick={[Function]}
      />
      <div
        className="cell"
        onClick={[Function]}
      />
      <div
        className="cell"
        onClick={[Function]}
      />
      <div
        className="cell"
        onClick={[Function]}
      />
      <div
        className="cell"
        onClick={[Function]}
      />
    </div>
    <div
      className="row"
    >
      <div
        className="cell"
        onClick={[Function]}
      />
      <div
        className="cell"
        onClick={[Function]}
      />
      <div
        className="cell"
        onClick={[Function]}
      />
      <div
        className="cell"
        onClick={[Function]}
      />
      <div
        className="cell"
        onClick={[Function]}
      />
      <div
        className="cell"
        onClick={[Function]}
      />
      <div
        className="cell"
        onClick={[Function]}
      />
      <div
        className="cell"
        onClick={[Function]}
      />
      <div
        className="cell"
        onClick={[Function]}
      />
      <div
        className="cell"
        onClick={[Function]}
      />
      <div
        className="cell"
        onClick={[Function]}
      />
      <div
        className="cell"
        onClick={[Function]}
      />
      <div
        className="cell"
        onClick={[Function]}
      />
      <div
        className="cell"
        onClick={[Function]}
      />
      <div
        className="cell"
        onClick={[Function]}
      />
      <div
        className="cell"
        onClick={[Function]}
      />
      <div
        className="cell"
        onClick={[Function]}
      />
      <div
        className="cell"
        onClick={[Function]}
      />
      <div
        className="cell"
        onClick={[Function]}
      />
      <div
        className="cell"
        onClick={[Function]}
      />
    </div>
    <div
      className="row"
    >
      <div
        className="cell"
        onClick={[Function]}
      />
      <div
        className="cell"
        onClick={[Function]}
      />
      <div
        className="cell"
        onClick={[Function]}
      />
      <div
        className="cell"
        onClick={[Function]}
      />
      <div
        className="cell"
        onClick={[Function]}
      />
      <div
        className="cell"
        onClick={[Function]}
      />
      <div
        className="cell"
        onClick={[Function]}
      />
      <div
        className="cell"
        onClick={[Function]}
      />
      <div
        className="cell"
        onClick={[Function]}
      />
      <div
        className="cell"
        onClick={[Function]}
      />
      <div
        className="cell"
        onClick={[Function]}
      />
      <div
        className="cell"
        onClick={[Function]}
      />
      <div
        className="cell"
        onClick={[Function]}
      />
      <div
        className="cell"
        onClick={[Function]}
      />
      <div
        className="cell"
        onClick={[Function]}
      />
      <div
        className="cell"
        onClick={[Function]}
      />
      <div
        className="cell"
        onClick={[Function]}
      />
      <div
        className="cell"
        onClick={[Function]}
      />
      <div
        className="cell"
        onClick={[Function]}
      />
      <div
        className="cell"
        onClick={[Function]}
      />
    </div>
    <div
      className="row"
    >
      <div
        className="cell"
        onClick={[Function]}
      />
      <div
        className="cell"
        onClick={[Function]}
      />
      <div
        className="cell"
        onClick={[Function]}
      />
      <div
        className="cell"
        onClick={[Function]}
      />
      <div
        className="cell"
        onClick={[Function]}
      />
      <div
        className="cell"
        onClick={[Function]}
      />
      <div
        className="cell"
        onClick={[Function]}
      />
      <div
        className="cell"
        onClick={[Function]}
      />
      <div
        className="cell"
        onClick={[Function]}
      />
      <div
        className="cell"
        onClick={[Function]}
      />
      <div
        className="cell"
        onClick={[Function]}
      />
      <div
        className="cell"
        onClick={[Function]}
      />
      <div
        className="cell"
        onClick={[Function]}
      />
      <div
        className="cell"
        onClick={[Function]}
      />
      <div
        className="cell"
        onClick={[Function]}
      />
      <div
        className="cell"
        onClick={[Function]}
      />
      <div
        className="cell"
        onClick={[Function]}
      />
      <div
        className="cell"
        onClick={[Function]}
      />
      <div
        className="cell"
        onClick={[Function]}
      />
      <div
        className="cell"
        onClick={[Function]}
      />
    </div>
    <div
      className="row"
    >
      <div
        className="cell"
        onClick={[Function]}
      />
      <div
        className="cell"
        onClick={[Function]}
      />
      <div
        className="cell"
        onClick={[Function]}
      />
      <div
        className="cell"
        onClick={[Function]}
      />
      <div
        className="cell"
        onClick={[Function]}
      />
      <div
        className="cell"
        onClick={[Function]}
      />
      <div
        className="cell"
        onClick={[Function]}
      />
      <div
        className="cell"
        onClick={[Function]}
      />
      <div
        className="cell"
        onClick={[Function]}
      />
      <div
        className="cell"
        onClick={[Function]}
      />
      <div
        className="cell"
        onClick={[Function]}
      />
      <div
        className="cell"
        onClick={[Function]}
      />
      <div
        className="cell"
        onClick={[Function]}
      />
      <div
        className="cell"
        onClick={[Function]}
      />
      <div
        className="cell"
        onClick={[Function]}
      />
      <div
        className="cell"
        onClick={[Function]}
      />
      <div
        className="cell"
        onClick={[Function]}
      />
      <div
        className="cell"
        onClick={[Function]}
      />
      <div
        className="cell"
        onClick={[Function]}
      />
      <div
        className="cell"
        onClick={[Function]}
      />
    </div>
    <div
      className="row"
    >
      <div
        className="cell"
        onClick={[Function]}
      />
      <div
        className="cell"
        onClick={[Function]}
      />
      <div
        className="cell"
        onClick={[Function]}
      />
      <div
        className="cell"
        onClick={[Function]}
      />
      <div
        className="cell"
        onClick={[Function]}
      />
      <div
        className="cell"
        onClick={[Function]}
      />
      <div
        className="cell"
        onClick={[Function]}
      />
      <div
        className="cell"
        onClick={[Function]}
      />
      <div
        className="cell"
        onClick={[Function]}
      />
      <div
        className="cell"
        onClick={[Function]}
      />
      <div
        className="cell"
        onClick={[Function]}
      />
      <div
        className="cell"
        onClick={[Function]}
      />
      <div
        className="cell"
        onClick={[Function]}
      />
      <div
        className="cell"
        onClick={[Function]}
      />
      <div
        className="cell"
        onClick={[Function]}
      />
      <div
        className="cell"
        onClick={[Function]}
      />
      <div
        className="cell"
        onClick={[Function]}
      />
      <div
        className="cell"
        onClick={[Function]}
      />
      <div
        className="cell"
        onClick={[Function]}
      />
      <div
        className="cell"
        onClick={[Function]}
      />
    </div>
    <div
      className="row"
    >
      <div
        className="cell"
        onClick={[Function]}
      />
      <div
        className="cell"
        onClick={[Function]}
      />
      <div
        className="cell"
        onClick={[Function]}
      />
      <div
        className="cell"
        onClick={[Function]}
      />
      <div
        className="cell"
        onClick={[Function]}
      />
      <div
        className="cell"
        onClick={[Function]}
      />
      <div
        className="cell"
        onClick={[Function]}
      />
      <div
        className="cell"
        onClick={[Function]}
      />
      <div
        className="cell"
        onClick={[Function]}
      />
      <div
        className="cell"
        onClick={[Function]}
      />
      <div
        className="cell"
        onClick={[Function]}
      />
      <div
        className="cell"
        onClick={[Function]}
      />
      <div
        className="cell"
        onClick={[Function]}
      />
      <div
        className="cell"
        onClick={[Function]}
      />
      <div
        className="cell"
        onClick={[Function]}
      />
      <div
        className="cell"
        onClick={[Function]}
      />
      <div
        className="cell"
        onClick={[Function]}
      />
      <div
        className="cell"
        onClick={[Function]}
      />
      <div
        className="cell"
        onClick={[Function]}
      />
      <div
        className="cell"
        onClick={[Function]}
      />
    </div>
  </div>,
  <div
    className="play-stack"
  >
    <button
      onClick={[Function]}
    >
      Sort Asc
    </button>
    <button
      onClick={[Function]}
    >
      Sort Desc
    </button>
    <button
      onClick={[Function]}
    >
      Sort By Time
    </button>
    <p>
      Step sorted by 
      asc
    </p>
  </div>,
]
`;

exports[`Turnbar matches snapshot 1`] = `
<div
  className="turnbar"
>
  <p>
    Winner: X
  </p>
  <button
    onClick={[Function]}
  >
    Reset
  </button>
</div>
`;
